================================================================
== Design Size Report
================================================================

* C-Synthesis has not completed!

* Total Instructions per Compilation Phase
+---------------+--------------+----------------------------------------------------------------------------------+
| Phase         | Instructions | Description                                                                      |
+---------------+--------------+----------------------------------------------------------------------------------+
| Compile/Link  | 1,097        | After all functions are compiled and linked into a single design                 |
| Unroll/Inline | pending      | After user unroll and inline pragmas are applied                                 |
| Array/Struct  |              | After user array partition and struct aggregate/disaggregate pragmas are applied |
| Performance   |              | After transformations are applied to meet performance pragma targets             |
| HW Transforms |              | After hardware transfomations                                                    |
+---------------+--------------+----------------------------------------------------------------------------------+

* Instructions per Function for each Compilation Phase
+---------------------+-------------+--------------+
| Function            | Location    | Compile/Link |
+---------------------+-------------+--------------+
| + kernel_cnn        | cnn.cpp:387 | 1,097        |
|  + cnn              | cnn.cpp:300 | 1,061        |
|     load_weight_S0  | cnn.cpp:173 |   76         |
|     load_output_S0  | cnn.cpp:106 |  380         |
|     load_input_S0   | cnn.cpp:48  |  128         |
|     store_output_S0 | cnn.cpp:229 |  380         |
+---------------------+-------------+--------------+

* Design Size Message Settings
+---------------------------------------------+--------+------------------------------------------------------------------+
| Message Setting                             | Value  | Description                                                      |
+---------------------------------------------+--------+------------------------------------------------------------------+
| config_compile -design_size_maximum_warning | 100000 | Show a warning when total design instructions exceeds this value |
+---------------------------------------------+--------+------------------------------------------------------------------+


