================================================================
== Design Size Report
================================================================

* Total Instructions per Compilation Phase
+---------------+-----------------------------+--------------+----------------------------------------------------------------------------------------+
| Phase         | Step                        | Instructions | Description                                                                            |
+---------------+-----------------------------+--------------+----------------------------------------------------------------------------------------+
| Compile/Link  |                             |  1,097       | After all functions are compiled and linked into a single design                       |
|               |                             |              |                                                                                        |
| Unroll/Inline |                             |              | After user unroll and inline pragmas are applied                                       |
|               | (1) unroll                  | 38,450       | user unroll pragmas are applied                                                        |
|               | (2) simplification          | 14,938       | simplification of applied user unroll pragmas                                          |
|               | (3) inline                  | 14,744       | user inline pragmas are applied                                                        |
|               | (4) simplification          | 14,559       | simplification of applied user inline pragmas                                          |
|               |                             |              |                                                                                        |
| Array/Struct  |                             |              | After user array partition and struct aggregate/disaggregate pragmas are applied       |
|               | (1) array partition         | 22,261       | user array partition pragmas are applied                                               |
|               | (2) simplification          | 14,719       | simplification of applied user array partition & struct aggregate/disaggregate pragmas |
|               | (3) aggregate/disaggregate  | 14,721       | user struct aggregate/disaggregate pragmas are applied                                 |
|               | (4) array reshape           | 14,887       | apply array reshape pragmas                                                            |
|               | (5) access patterns         | 14,832       | array access pattern optmizations                                                      |
|               |                             |              |                                                                                        |
| Performance   |                             |              | After transformations are applied to meet performance pragma targets                   |
|               | (1) loop simplification     | 14,836       | loop and instruction simplification                                                    |
|               | (2) parallelization         | 14,830       | loops are unrolled or pipelined to meet performance targets                            |
|               | (3) array partition         | 14,830       | arrays are partitioned to meet performance targets                                     |
|               | (4) simplification          | 14,830       | simplification of design after performance transformations                             |
|               |                             |              |                                                                                        |
| HW Transforms |                             |              | After hardware transfomations                                                          |
|               | (1) lowering                | 14,850       | initial conversion to HW specific instructions                                         |
|               | (2) optimizations           | 14,939       | high level synthesis optimizations                                                     |
+---------------+-----------------------------+--------------+----------------------------------------------------------------------------------------+

* Instructions per Function for each Compilation Phase
+---------------------+-------------+--------------+---------------+--------------+-------------+---------------+
| Function            | Location    | Compile/Link | Unroll/Inline | Array/Struct | Performance | HW Transforms |
+---------------------+-------------+--------------+---------------+--------------+-------------+---------------+
| + kernel_cnn        | cnn.cpp:386 | 1,097        | 14,559        | 14,832       | 14,830      | 14,939        |
|  + cnn              | cnn.cpp:300 | 1,061        | 14,530        | 14,718       | 14,716      | 14,821        |
|     load_weight_S0  | cnn.cpp:173 |   76         |    39         |    43        |    43       |    51         |
|     load_output_S0  | cnn.cpp:106 |  380         |   109         |   192        |   191       |   228         |
|     load_input_S0   | cnn.cpp:48  |  128         |    42         |    60        |    59       |    71         |
|     store_output_S0 | cnn.cpp:229 |  380         |   109         |   160        |   160       |   194         |
+---------------------+-------------+--------------+---------------+--------------+-------------+---------------+

* Design Size Message Settings
+---------------------------------------------+--------+------------------------------------------------------------------+
| Message Setting                             | Value  | Description                                                      |
+---------------------------------------------+--------+------------------------------------------------------------------+
| config_compile -design_size_maximum_warning | 100000 | Show a warning when total design instructions exceeds this value |
+---------------------------------------------+--------+------------------------------------------------------------------+


