

================================================================
== Vitis HLS Report for 'load_weight_S0_Pipeline_VITIS_LOOP_186_1_VITIS_LOOP_187_2_VITIS_LOOP_188_3_VITIS'
================================================================
* Date:           Tue May 27 03:08:11 2025

* Version:        2023.2 (Build 4023990 on Oct 11 2023)
* Project:        cnn.prj
* Solution:       solution (Vitis Kernel Flow Target)
* Product family: virtexuplus
* Target device:  xcu200-fsgd2104-2-e


================================================================
== Performance Estimates
================================================================
+ Timing: 
    * Summary: 
    +--------+---------+----------+------------+
    |  Clock |  Target | Estimated| Uncertainty|
    +--------+---------+----------+------------+
    |ap_clk  |  4.00 ns|  2.920 ns|     1.08 ns|
    +--------+---------+----------+------------+

+ Latency: 
    * Summary: 
    +---------+---------+----------+----------+--------+--------+---------+
    |  Latency (cycles) |  Latency (absolute) |     Interval    | Pipeline|
    |   min   |   max   |    min   |    max   |   min  |   max  |   Type  |
    +---------+---------+----------+----------+--------+--------+---------+
    |   102403|   102403|  0.410 ms|  0.410 ms|  102403|  102403|       no|
    +---------+---------+----------+----------+--------+--------+---------+

    + Detail: 
        * Instance: 
        N/A

        * Loop: 
        +-----------------------------------------------------------------------+---------+---------+----------+-----------+-----------+--------+----------+
        |                                                                       |  Latency (cycles) | Iteration|  Initiation Interval  |  Trip  |          |
        |                               Loop Name                               |   min   |   max   |  Latency |  achieved |   target  |  Count | Pipelined|
        +-----------------------------------------------------------------------+---------+---------+----------+-----------+-----------+--------+----------+
        |- VITIS_LOOP_186_1_VITIS_LOOP_187_2_VITIS_LOOP_188_3_VITIS_LOOP_189_4  |   102401|   102401|         3|          1|          1|  102400|       yes|
        +-----------------------------------------------------------------------+---------+---------+----------+-----------+-----------+--------+----------+



================================================================
== Utilization Estimates
================================================================
* Summary: 
+---------------------+---------+------+---------+---------+-----+
|         Name        | BRAM_18K|  DSP |    FF   |   LUT   | URAM|
+---------------------+---------+------+---------+---------+-----+
|DSP                  |        -|     -|        -|        -|    -|
|Expression           |        -|     -|        0|      335|    -|
|FIFO                 |        -|     -|        -|        -|    -|
|Instance             |        -|     -|        -|        -|    -|
|Memory               |        -|     -|        -|        -|    -|
|Multiplexer          |        -|     -|        -|       99|    -|
|Register             |        -|     -|      114|        -|    -|
+---------------------+---------+------+---------+---------+-----+
|Total                |        0|     0|      114|      434|    0|
+---------------------+---------+------+---------+---------+-----+
|Available SLR        |     1440|  2280|   788160|   394080|  320|
+---------------------+---------+------+---------+---------+-----+
|Utilization SLR (%)  |        0|     0|       ~0|       ~0|    0|
+---------------------+---------+------+---------+---------+-----+
|Available            |     4320|  6840|  2364480|  1182240|  960|
+---------------------+---------+------+---------+---------+-----+
|Utilization (%)      |        0|     0|       ~0|       ~0|    0|
+---------------------+---------+------+---------+---------+-----+

+ Detail: 
    * Instance: 
    N/A

    * DSP: 
    N/A

    * Memory: 
    N/A

    * FIFO: 
    N/A

    * Expression: 
    +---------------------------+----------+----+---+----+------------+------------+
    |       Variable Name       | Operation| DSP| FF| LUT| Bitwidth P0| Bitwidth P1|
    +---------------------------+----------+----+---+----+------------+------------+
    |add_ln186_1_fu_221_p2      |         +|   0|  0|  12|           5|           1|
    |add_ln186_fu_186_p2        |         +|   0|  0|  24|          17|           1|
    |add_ln187_1_fu_401_p2      |         +|   0|  0|  21|          14|           1|
    |add_ln187_fu_273_p2        |         +|   0|  0|  16|           9|           1|
    |add_ln188_1_fu_387_p2      |         +|   0|  0|  13|           6|           1|
    |add_ln188_fu_325_p2        |         +|   0|  0|  10|           3|           1|
    |add_ln189_fu_381_p2        |         +|   0|  0|  10|           3|           1|
    |add_ln209_1_fu_455_p2      |         +|   0|  0|  16|          16|          16|
    |add_ln209_2_fu_464_p2      |         +|   0|  0|  16|          16|          16|
    |add_ln209_3_fu_486_p2      |         +|   0|  0|  17|          17|          17|
    |add_ln209_4_fu_495_p2      |         +|   0|  0|  17|          17|          17|
    |add_ln209_fu_375_p2        |         +|   0|  0|  21|          14|          14|
    |and_ln186_1_fu_259_p2      |       and|   0|  0|   2|           1|           1|
    |and_ln186_fu_305_p2        |       and|   0|  0|   2|           1|           1|
    |and_ln187_fu_311_p2        |       and|   0|  0|   2|           1|           1|
    |ap_block_pp0_stage0_11001  |       and|   0|  0|   2|           1|           1|
    |icmp_ln186_fu_180_p2       |      icmp|   0|  0|  24|          17|          16|
    |icmp_ln187_fu_227_p2       |      icmp|   0|  0|  21|          14|          13|
    |icmp_ln188_fu_253_p2       |      icmp|   0|  0|  13|           6|           5|
    |icmp_ln189_fu_247_p2       |      icmp|   0|  0|  10|           3|           3|
    |or_ln187_1_fu_299_p2       |        or|   0|  0|   2|           1|           1|
    |or_ln187_fu_279_p2         |        or|   0|  0|   2|           1|           1|
    |or_ln188_1_fu_337_p2       |        or|   0|  0|   2|           1|           1|
    |or_ln188_fu_331_p2         |        or|   0|  0|   2|           1|           1|
    |select_ln186_1_fu_265_p3   |    select|   0|  0|   5|           1|           5|
    |select_ln186_fu_233_p3     |    select|   0|  0|   9|           1|           1|
    |select_ln187_1_fu_317_p3   |    select|   0|  0|   9|           1|           9|
    |select_ln187_2_fu_407_p3   |    select|   0|  0|  14|           1|           1|
    |select_ln187_fu_285_p3     |    select|   0|  0|   3|           1|           1|
    |select_ln188_1_fu_351_p3   |    select|   0|  0|   3|           1|           3|
    |select_ln188_2_fu_393_p3   |    select|   0|  0|   6|           1|           1|
    |select_ln188_fu_343_p3     |    select|   0|  0|   3|           1|           1|
    |ap_enable_pp0              |       xor|   0|  0|   2|           1|           2|
    |xor_ln186_fu_241_p2        |       xor|   0|  0|   2|           1|           2|
    |xor_ln187_fu_293_p2        |       xor|   0|  0|   2|           1|           2|
    +---------------------------+----------+----+---+----+------------+------------+
    |Total                      |          |   0|  0| 335|         196|         160|
    +---------------------------+----------+----+---+----+------------+------------+

    * Multiplexer: 
    +----------------------------------------+----+-----------+-----+-----------+
    |                  Name                  | LUT| Input Size| Bits| Total Bits|
    +----------------------------------------+----+-----------+-----+-----------+
    |ap_done_int                             |   9|          2|    1|          2|
    |ap_enable_reg_pp0_iter1                 |   9|          2|    1|          2|
    |ap_sig_allocacmp_indvar_flatten34_load  |   9|          2|   17|         34|
    |i0_fu_106                               |   9|          2|    5|         10|
    |i1_fu_98                                |   9|          2|    9|         18|
    |i2_fu_90                                |   9|          2|    3|          6|
    |i3_fu_86                                |   9|          2|    3|          6|
    |indvar_flatten12_fu_102                 |   9|          2|   14|         28|
    |indvar_flatten34_fu_110                 |   9|          2|   17|         34|
    |indvar_flatten_fu_94                    |   9|          2|    6|         12|
    |kernel_weight_blk_n_R                   |   9|          2|    1|          2|
    +----------------------------------------+----+-----------+-----+-----------+
    |Total                                   |  99|         22|   77|        154|
    +----------------------------------------+----+-----------+-----+-----------+

    * Register: 
    +----------------------------------+----+----+-----+-----------+
    |               Name               | FF | LUT| Bits| Const Bits|
    +----------------------------------+----+----+-----+-----------+
    |add_ln209_reg_578                 |  14|   0|   14|          0|
    |ap_CS_fsm                         |   1|   0|    1|          0|
    |ap_done_reg                       |   1|   0|    1|          0|
    |ap_enable_reg_pp0_iter1           |   1|   0|    1|          0|
    |ap_enable_reg_pp0_iter2           |   1|   0|    1|          0|
    |ap_loop_exit_ready_pp0_iter1_reg  |   1|   0|    1|          0|
    |i0_fu_106                         |   5|   0|    5|          0|
    |i1_fu_98                          |   9|   0|    9|          0|
    |i2_fu_90                          |   3|   0|    3|          0|
    |i3_fu_86                          |   3|   0|    3|          0|
    |indvar_flatten12_fu_102           |  14|   0|   14|          0|
    |indvar_flatten34_fu_110           |  17|   0|   17|          0|
    |indvar_flatten_fu_94              |   6|   0|    6|          0|
    |kernel_weight_addr_read_reg_584   |  32|   0|   32|          0|
    |select_ln188_1_reg_573            |   3|   0|    3|          0|
    |select_ln188_reg_568              |   3|   0|    3|          0|
    +----------------------------------+----+----+-----+-----------+
    |Total                             | 114|   0|  114|          0|
    +----------------------------------+----+----+-----+-----------+



================================================================
== Interface
================================================================
* Summary: 
+------------------------------+-----+-----+------------+----------------------------------------------------------------------------------+--------------+
|           RTL Ports          | Dir | Bits|  Protocol  |                                   Source Object                                  |    C Type    |
+------------------------------+-----+-----+------------+----------------------------------------------------------------------------------+--------------+
|ap_clk                        |   in|    1|  ap_ctrl_hs|  load_weight_S0_Pipeline_VITIS_LOOP_186_1_VITIS_LOOP_187_2_VITIS_LOOP_188_3_VITIS|  return value|
|ap_rst                        |   in|    1|  ap_ctrl_hs|  load_weight_S0_Pipeline_VITIS_LOOP_186_1_VITIS_LOOP_187_2_VITIS_LOOP_188_3_VITIS|  return value|
|ap_start                      |   in|    1|  ap_ctrl_hs|  load_weight_S0_Pipeline_VITIS_LOOP_186_1_VITIS_LOOP_187_2_VITIS_LOOP_188_3_VITIS|  return value|
|ap_done                       |  out|    1|  ap_ctrl_hs|  load_weight_S0_Pipeline_VITIS_LOOP_186_1_VITIS_LOOP_187_2_VITIS_LOOP_188_3_VITIS|  return value|
|ap_idle                       |  out|    1|  ap_ctrl_hs|  load_weight_S0_Pipeline_VITIS_LOOP_186_1_VITIS_LOOP_187_2_VITIS_LOOP_188_3_VITIS|  return value|
|ap_ready                      |  out|    1|  ap_ctrl_hs|  load_weight_S0_Pipeline_VITIS_LOOP_186_1_VITIS_LOOP_187_2_VITIS_LOOP_188_3_VITIS|  return value|
|m_axi_kernel_weight_AWVALID   |  out|    1|       m_axi|                                                                     kernel_weight|       pointer|
|m_axi_kernel_weight_AWREADY   |   in|    1|       m_axi|                                                                     kernel_weight|       pointer|
|m_axi_kernel_weight_AWADDR    |  out|   64|       m_axi|                                                                     kernel_weight|       pointer|
|m_axi_kernel_weight_AWID      |  out|    1|       m_axi|                                                                     kernel_weight|       pointer|
|m_axi_kernel_weight_AWLEN     |  out|   32|       m_axi|                                                                     kernel_weight|       pointer|
|m_axi_kernel_weight_AWSIZE    |  out|    3|       m_axi|                                                                     kernel_weight|       pointer|
|m_axi_kernel_weight_AWBURST   |  out|    2|       m_axi|                                                                     kernel_weight|       pointer|
|m_axi_kernel_weight_AWLOCK    |  out|    2|       m_axi|                                                                     kernel_weight|       pointer|
|m_axi_kernel_weight_AWCACHE   |  out|    4|       m_axi|                                                                     kernel_weight|       pointer|
|m_axi_kernel_weight_AWPROT    |  out|    3|       m_axi|                                                                     kernel_weight|       pointer|
|m_axi_kernel_weight_AWQOS     |  out|    4|       m_axi|                                                                     kernel_weight|       pointer|
|m_axi_kernel_weight_AWREGION  |  out|    4|       m_axi|                                                                     kernel_weight|       pointer|
|m_axi_kernel_weight_AWUSER    |  out|    1|       m_axi|                                                                     kernel_weight|       pointer|
|m_axi_kernel_weight_WVALID    |  out|    1|       m_axi|                                                                     kernel_weight|       pointer|
|m_axi_kernel_weight_WREADY    |   in|    1|       m_axi|                                                                     kernel_weight|       pointer|
|m_axi_kernel_weight_WDATA     |  out|   32|       m_axi|                                                                     kernel_weight|       pointer|
|m_axi_kernel_weight_WSTRB     |  out|    4|       m_axi|                                                                     kernel_weight|       pointer|
|m_axi_kernel_weight_WLAST     |  out|    1|       m_axi|                                                                     kernel_weight|       pointer|
|m_axi_kernel_weight_WID       |  out|    1|       m_axi|                                                                     kernel_weight|       pointer|
|m_axi_kernel_weight_WUSER     |  out|    1|       m_axi|                                                                     kernel_weight|       pointer|
|m_axi_kernel_weight_ARVALID   |  out|    1|       m_axi|                                                                     kernel_weight|       pointer|
|m_axi_kernel_weight_ARREADY   |   in|    1|       m_axi|                                                                     kernel_weight|       pointer|
|m_axi_kernel_weight_ARADDR    |  out|   64|       m_axi|                                                                     kernel_weight|       pointer|
|m_axi_kernel_weight_ARID      |  out|    1|       m_axi|                                                                     kernel_weight|       pointer|
|m_axi_kernel_weight_ARLEN     |  out|   32|       m_axi|                                                                     kernel_weight|       pointer|
|m_axi_kernel_weight_ARSIZE    |  out|    3|       m_axi|                                                                     kernel_weight|       pointer|
|m_axi_kernel_weight_ARBURST   |  out|    2|       m_axi|                                                                     kernel_weight|       pointer|
|m_axi_kernel_weight_ARLOCK    |  out|    2|       m_axi|                                                                     kernel_weight|       pointer|
|m_axi_kernel_weight_ARCACHE   |  out|    4|       m_axi|                                                                     kernel_weight|       pointer|
|m_axi_kernel_weight_ARPROT    |  out|    3|       m_axi|                                                                     kernel_weight|       pointer|
|m_axi_kernel_weight_ARQOS     |  out|    4|       m_axi|                                                                     kernel_weight|       pointer|
|m_axi_kernel_weight_ARREGION  |  out|    4|       m_axi|                                                                     kernel_weight|       pointer|
|m_axi_kernel_weight_ARUSER    |  out|    1|       m_axi|                                                                     kernel_weight|       pointer|
|m_axi_kernel_weight_RVALID    |   in|    1|       m_axi|                                                                     kernel_weight|       pointer|
|m_axi_kernel_weight_RREADY    |  out|    1|       m_axi|                                                                     kernel_weight|       pointer|
|m_axi_kernel_weight_RDATA     |   in|   32|       m_axi|                                                                     kernel_weight|       pointer|
|m_axi_kernel_weight_RLAST     |   in|    1|       m_axi|                                                                     kernel_weight|       pointer|
|m_axi_kernel_weight_RID       |   in|    1|       m_axi|                                                                     kernel_weight|       pointer|
|m_axi_kernel_weight_RFIFONUM  |   in|    9|       m_axi|                                                                     kernel_weight|       pointer|
|m_axi_kernel_weight_RUSER     |   in|    1|       m_axi|                                                                     kernel_weight|       pointer|
|m_axi_kernel_weight_RRESP     |   in|    2|       m_axi|                                                                     kernel_weight|       pointer|
|m_axi_kernel_weight_BVALID    |   in|    1|       m_axi|                                                                     kernel_weight|       pointer|
|m_axi_kernel_weight_BREADY    |  out|    1|       m_axi|                                                                     kernel_weight|       pointer|
|m_axi_kernel_weight_BRESP     |   in|    2|       m_axi|                                                                     kernel_weight|       pointer|
|m_axi_kernel_weight_BID       |   in|    1|       m_axi|                                                                     kernel_weight|       pointer|
|m_axi_kernel_weight_BUSER     |   in|    1|       m_axi|                                                                     kernel_weight|       pointer|
|sext_ln186                    |   in|   62|     ap_none|                                                                        sext_ln186|        scalar|
|weight_address0               |  out|   17|   ap_memory|                                                                            weight|         array|
|weight_ce0                    |  out|    1|   ap_memory|                                                                            weight|         array|
|weight_we0                    |  out|    1|   ap_memory|                                                                            weight|         array|
|weight_d0                     |  out|   32|   ap_memory|                                                                            weight|         array|
+------------------------------+-----+-----+------------+----------------------------------------------------------------------------------+--------------+

