

================================================================
== Vitis HLS Report for 'load_input_S0'
================================================================
* Date:           Tue May 27 03:08:12 2025

* Version:        2023.2 (Build 4023990 on Oct 11 2023)
* Project:        cnn.prj
* Solution:       solution (Vitis Kernel Flow Target)
* Product family: virtexuplus
* Target device:  xcu200-fsgd2104-2-e


================================================================
== Performance Estimates
================================================================
+ Timing: 
    * Summary: 
    +--------+---------+----------+------------+
    |  Clock |  Target | Estimated| Uncertainty|
    +--------+---------+----------+------------+
    |ap_clk  |  4.00 ns|  2.920 ns|     1.08 ns|
    +--------+---------+----------+------------+

+ Latency: 
    * Summary: 
    +---------+---------+-----------+-----------+-------+-------+---------+
    |  Latency (cycles) |   Latency (absolute)  |    Interval   | Pipeline|
    |   min   |   max   |    min    |    max    |  min  |  max  |   Type  |
    +---------+---------+-----------+-----------+-------+-------+---------+
    |    13074|    13074|  52.296 us|  52.296 us|  13074|  13074|       no|
    +---------+---------+-----------+-----------+-------+-------+---------+

    + Detail: 
        * Instance: 
        +------------------------------------------------------------------+--------------------------------------------------------+---------+---------+-----------+-----------+-------+-------+---------+
        |                                                                  |                                                        |  Latency (cycles) |   Latency (absolute)  |    Interval   | Pipeline|
        |                             Instance                             |                         Module                         |   min   |   max   |    min    |    max    |  min  |  max  |   Type  |
        +------------------------------------------------------------------+--------------------------------------------------------+---------+---------+-----------+-----------+-------+-------+---------+
        |grp_load_input_S0_Pipeline_VITIS_LOOP_63_2_VITIS_LOOP_64_3_fu_73  |load_input_S0_Pipeline_VITIS_LOOP_63_2_VITIS_LOOP_64_3  |    13000|    13000|  52.000 us|  52.000 us|  13000|  13000|       no|
        +------------------------------------------------------------------+--------------------------------------------------------+---------+---------+-----------+-----------+-------+-------+---------+

        * Loop: 
        N/A



================================================================
== Utilization Estimates
================================================================
* Summary: 
+---------------------+---------+------+---------+---------+-----+
|         Name        | BRAM_18K|  DSP |    FF   |   LUT   | URAM|
+---------------------+---------+------+---------+---------+-----+
|DSP                  |        -|     -|        -|        -|    -|
|Expression           |        -|     -|        0|       71|    -|
|FIFO                 |        -|     -|        -|        -|    -|
|Instance             |        -|     2|      173|      216|    -|
|Memory               |        -|     -|        -|        -|    -|
|Multiplexer          |        -|     -|        -|      492|    -|
|Register             |        -|     -|      158|        -|    -|
+---------------------+---------+------+---------+---------+-----+
|Total                |        0|     2|      331|      779|    0|
+---------------------+---------+------+---------+---------+-----+
|Available SLR        |     1440|  2280|   788160|   394080|  320|
+---------------------+---------+------+---------+---------+-----+
|Utilization SLR (%)  |        0|    ~0|       ~0|       ~0|    0|
+---------------------+---------+------+---------+---------+-----+
|Available            |     4320|  6840|  2364480|  1182240|  960|
+---------------------+---------+------+---------+---------+-----+
|Utilization (%)      |        0|    ~0|       ~0|       ~0|    0|
+---------------------+---------+------+---------+---------+-----+

+ Detail: 
    * Instance: 
    +------------------------------------------------------------------+--------------------------------------------------------+---------+----+-----+-----+-----+
    |                             Instance                             |                         Module                         | BRAM_18K| DSP|  FF | LUT | URAM|
    +------------------------------------------------------------------+--------------------------------------------------------+---------+----+-----+-----+-----+
    |grp_load_input_S0_Pipeline_VITIS_LOOP_63_2_VITIS_LOOP_64_3_fu_73  |load_input_S0_Pipeline_VITIS_LOOP_63_2_VITIS_LOOP_64_3  |        0|   1|  173|  214|    0|
    |mul_8ns_15ns_22_1_1_U57                                           |mul_8ns_15ns_22_1_1                                     |        0|   1|    0|    2|    0|
    +------------------------------------------------------------------+--------------------------------------------------------+---------+----+-----+-----+-----+
    |Total                                                             |                                                        |        0|   2|  173|  216|    0|
    +------------------------------------------------------------------+--------------------------------------------------------+---------+----+-----+-----+-----+

    * DSP: 
    N/A

    * Memory: 
    N/A

    * FIFO: 
    N/A

    * Expression: 
    +--------------------+----------+----+---+----+------------+------------+
    |    Variable Name   | Operation| DSP| FF| LUT| Bitwidth P0| Bitwidth P1|
    +--------------------+----------+----+---+----+------------+------------+
    |add_ln63_fu_109_p2  |         +|   0|  0|  71|          64|          64|
    +--------------------+----------+----+---+----+------------+------------+
    |Total               |          |   0|  0|  71|          64|          64|
    +--------------------+----------+----+---+----+------------+------------+

    * Multiplexer: 
    +-----------------------------+-----+-----------+-----+-----------+
    |             Name            | LUT | Input Size| Bits| Total Bits|
    +-----------------------------+-----+-----------+-----+-----------+
    |ap_NS_fsm                    |  351|         76|    1|         76|
    |kernel_input_blk_n_AR        |    9|          2|    1|          2|
    |m_axi_kernel_input_ARADDR    |   14|          3|   64|        192|
    |m_axi_kernel_input_ARBURST   |    9|          2|    2|          4|
    |m_axi_kernel_input_ARCACHE   |    9|          2|    4|          8|
    |m_axi_kernel_input_ARID      |    9|          2|    1|          2|
    |m_axi_kernel_input_ARLEN     |   14|          3|   32|         96|
    |m_axi_kernel_input_ARLOCK    |    9|          2|    2|          4|
    |m_axi_kernel_input_ARPROT    |    9|          2|    3|          6|
    |m_axi_kernel_input_ARQOS     |    9|          2|    4|          8|
    |m_axi_kernel_input_ARREGION  |    9|          2|    4|          8|
    |m_axi_kernel_input_ARSIZE    |    9|          2|    3|          6|
    |m_axi_kernel_input_ARUSER    |    9|          2|    1|          2|
    |m_axi_kernel_input_ARVALID   |   14|          3|    1|          3|
    |m_axi_kernel_input_RREADY    |    9|          2|    1|          2|
    +-----------------------------+-----+-----------+-----+-----------+
    |Total                        |  492|        107|  124|        419|
    +-----------------------------+-----+-----------+-----+-----------+

    * Register: 
    +-------------------------------------------------------------------------------+----+----+-----+-----------+
    |                                      Name                                     | FF | LUT| Bits| Const Bits|
    +-------------------------------------------------------------------------------+----+----+-----+-----------+
    |ap_CS_fsm                                                                      |  75|   0|   75|          0|
    |grp_load_input_S0_Pipeline_VITIS_LOOP_63_2_VITIS_LOOP_64_3_fu_73_ap_start_reg  |   1|   0|    1|          0|
    |mul9_reg_135                                                                   |  22|   0|   22|          0|
    |trunc_ln_reg_140                                                               |  60|   0|   60|          0|
    +-------------------------------------------------------------------------------+----+----+-----+-----------+
    |Total                                                                          | 158|   0|  158|          0|
    +-------------------------------------------------------------------------------+----+----+-----+-----------+



================================================================
== Interface
================================================================
* Summary: 
+-----------------------------+-----+-----+------------+---------------+--------------+
|          RTL Ports          | Dir | Bits|  Protocol  | Source Object |    C Type    |
+-----------------------------+-----+-----+------------+---------------+--------------+
|ap_clk                       |   in|    1|  ap_ctrl_hs|  load_input_S0|  return value|
|ap_rst                       |   in|    1|  ap_ctrl_hs|  load_input_S0|  return value|
|ap_start                     |   in|    1|  ap_ctrl_hs|  load_input_S0|  return value|
|ap_done                      |  out|    1|  ap_ctrl_hs|  load_input_S0|  return value|
|ap_idle                      |  out|    1|  ap_ctrl_hs|  load_input_S0|  return value|
|ap_ready                     |  out|    1|  ap_ctrl_hs|  load_input_S0|  return value|
|input_0_address0             |  out|   14|   ap_memory|        input_0|         array|
|input_0_ce0                  |  out|    1|   ap_memory|        input_0|         array|
|input_0_we0                  |  out|    1|   ap_memory|        input_0|         array|
|input_0_d0                   |  out|   32|   ap_memory|        input_0|         array|
|input_1_address0             |  out|   14|   ap_memory|        input_1|         array|
|input_1_ce0                  |  out|    1|   ap_memory|        input_1|         array|
|input_1_we0                  |  out|    1|   ap_memory|        input_1|         array|
|input_1_d0                   |  out|   32|   ap_memory|        input_1|         array|
|input_2_address0             |  out|   14|   ap_memory|        input_2|         array|
|input_2_ce0                  |  out|    1|   ap_memory|        input_2|         array|
|input_2_we0                  |  out|    1|   ap_memory|        input_2|         array|
|input_2_d0                   |  out|   32|   ap_memory|        input_2|         array|
|input_3_address0             |  out|   14|   ap_memory|        input_3|         array|
|input_3_ce0                  |  out|    1|   ap_memory|        input_3|         array|
|input_3_we0                  |  out|    1|   ap_memory|        input_3|         array|
|input_3_d0                   |  out|   32|   ap_memory|        input_3|         array|
|m_axi_kernel_input_AWVALID   |  out|    1|       m_axi|   kernel_input|       pointer|
|m_axi_kernel_input_AWREADY   |   in|    1|       m_axi|   kernel_input|       pointer|
|m_axi_kernel_input_AWADDR    |  out|   64|       m_axi|   kernel_input|       pointer|
|m_axi_kernel_input_AWID      |  out|    1|       m_axi|   kernel_input|       pointer|
|m_axi_kernel_input_AWLEN     |  out|   32|       m_axi|   kernel_input|       pointer|
|m_axi_kernel_input_AWSIZE    |  out|    3|       m_axi|   kernel_input|       pointer|
|m_axi_kernel_input_AWBURST   |  out|    2|       m_axi|   kernel_input|       pointer|
|m_axi_kernel_input_AWLOCK    |  out|    2|       m_axi|   kernel_input|       pointer|
|m_axi_kernel_input_AWCACHE   |  out|    4|       m_axi|   kernel_input|       pointer|
|m_axi_kernel_input_AWPROT    |  out|    3|       m_axi|   kernel_input|       pointer|
|m_axi_kernel_input_AWQOS     |  out|    4|       m_axi|   kernel_input|       pointer|
|m_axi_kernel_input_AWREGION  |  out|    4|       m_axi|   kernel_input|       pointer|
|m_axi_kernel_input_AWUSER    |  out|    1|       m_axi|   kernel_input|       pointer|
|m_axi_kernel_input_WVALID    |  out|    1|       m_axi|   kernel_input|       pointer|
|m_axi_kernel_input_WREADY    |   in|    1|       m_axi|   kernel_input|       pointer|
|m_axi_kernel_input_WDATA     |  out|  128|       m_axi|   kernel_input|       pointer|
|m_axi_kernel_input_WSTRB     |  out|   16|       m_axi|   kernel_input|       pointer|
|m_axi_kernel_input_WLAST     |  out|    1|       m_axi|   kernel_input|       pointer|
|m_axi_kernel_input_WID       |  out|    1|       m_axi|   kernel_input|       pointer|
|m_axi_kernel_input_WUSER     |  out|    1|       m_axi|   kernel_input|       pointer|
|m_axi_kernel_input_ARVALID   |  out|    1|       m_axi|   kernel_input|       pointer|
|m_axi_kernel_input_ARREADY   |   in|    1|       m_axi|   kernel_input|       pointer|
|m_axi_kernel_input_ARADDR    |  out|   64|       m_axi|   kernel_input|       pointer|
|m_axi_kernel_input_ARID      |  out|    1|       m_axi|   kernel_input|       pointer|
|m_axi_kernel_input_ARLEN     |  out|   32|       m_axi|   kernel_input|       pointer|
|m_axi_kernel_input_ARSIZE    |  out|    3|       m_axi|   kernel_input|       pointer|
|m_axi_kernel_input_ARBURST   |  out|    2|       m_axi|   kernel_input|       pointer|
|m_axi_kernel_input_ARLOCK    |  out|    2|       m_axi|   kernel_input|       pointer|
|m_axi_kernel_input_ARCACHE   |  out|    4|       m_axi|   kernel_input|       pointer|
|m_axi_kernel_input_ARPROT    |  out|    3|       m_axi|   kernel_input|       pointer|
|m_axi_kernel_input_ARQOS     |  out|    4|       m_axi|   kernel_input|       pointer|
|m_axi_kernel_input_ARREGION  |  out|    4|       m_axi|   kernel_input|       pointer|
|m_axi_kernel_input_ARUSER    |  out|    1|       m_axi|   kernel_input|       pointer|
|m_axi_kernel_input_RVALID    |   in|    1|       m_axi|   kernel_input|       pointer|
|m_axi_kernel_input_RREADY    |  out|    1|       m_axi|   kernel_input|       pointer|
|m_axi_kernel_input_RDATA     |   in|  128|       m_axi|   kernel_input|       pointer|
|m_axi_kernel_input_RLAST     |   in|    1|       m_axi|   kernel_input|       pointer|
|m_axi_kernel_input_RID       |   in|    1|       m_axi|   kernel_input|       pointer|
|m_axi_kernel_input_RFIFONUM  |   in|    9|       m_axi|   kernel_input|       pointer|
|m_axi_kernel_input_RUSER     |   in|    1|       m_axi|   kernel_input|       pointer|
|m_axi_kernel_input_RRESP     |   in|    2|       m_axi|   kernel_input|       pointer|
|m_axi_kernel_input_BVALID    |   in|    1|       m_axi|   kernel_input|       pointer|
|m_axi_kernel_input_BREADY    |  out|    1|       m_axi|   kernel_input|       pointer|
|m_axi_kernel_input_BRESP     |   in|    2|       m_axi|   kernel_input|       pointer|
|m_axi_kernel_input_BID       |   in|    1|       m_axi|   kernel_input|       pointer|
|m_axi_kernel_input_BUSER     |   in|    1|       m_axi|   kernel_input|       pointer|
|vinput                       |   in|   64|     ap_none|         vinput|        scalar|
|d0                           |   in|    8|     ap_none|             d0|        scalar|
+-----------------------------+-----+-----+------------+---------------+--------------+

